importcheck: importrichting klopt met docs/archief/indeling.md
ok  	github.com/xinix00/HopOS/metal/v2/abi/ring	(cached)
ok  	github.com/xinix00/HopOS/metal/v2/net/hopswitch	(cached)
ok  	github.com/xinix00/HopOS/metal/v2/kern/stage2	(cached)
ok  	github.com/xinix00/HopOS/metal/v2/abi/layout	(cached)
?   	github.com/xinix00/HopOS/metal/v2/abi/hopabi	[no test files]
ok  	github.com/xinix00/HopOS/metal/v2/abi/systemapi	(cached)
?   	github.com/xinix00/HopOS/metal/v2/abi/checksum	[no test files]
ok  	github.com/xinix00/HopOS/metal/v2/fw/fdt	(cached)
ok  	github.com/xinix00/HopOS/metal/v2/fw/adt	(cached)
ok  	github.com/xinix00/HopOS/metal/v2/fw/xnuboot	(cached)
ok  	github.com/xinix00/HopOS/metal/v2/fw/acpi	(cached)
ok  	github.com/xinix00/HopOS/metal/v2/fw/bootcfg	(cached)
ok  	github.com/xinix00/HopOS/metal/v2/kern/hopfs	(cached)
ok  	github.com/xinix00/HopOS/metal/v2/driver/vcmail	(cached)
ok  	github.com/xinix00/HopOS/metal/v2/driver/nic/mdio	(cached)
ok  	github.com/xinix00/HopOS/metal/v2/kern/slots	(cached)
ok  	github.com/xinix00/HopOS/metal/v2/kern/kernflip	0.362s
?   	github.com/xinix00/HopOS/metal/v2/gui/fbgrant	[no test files]
ok  	github.com/xinix00/HopOS/metal/v2/gui/driver/usb/hid	(cached)
ok  	github.com/xinix00/HopOS/metal/v2/kern/cage	(cached)
ok  	github.com/xinix00/HopOS/metal/v2/driver/nic/dwmac	(cached)
ok  	github.com/xinix00/HopOS/metal/v2/driver/nic/dwmac4	(cached)
ok  	github.com/xinix00/HopOS/metal/v2/cmd/hopos/cfgblob	(cached)
ok  	github.com/xinix00/HopOS/metal/v2/driver/conlog	(cached)
?   	github.com/xinix00/HopOS/metal/v2/kern/cagestub	[no test files]
ok  	github.com/xinix00/HopOS/metal/v2/net/nodemac	(cached)
ok  	github.com/xinix00/HopOS/metal/v2/kern/conport	(cached)
ok  	command-line-arguments	0.154s
ok  	command-line-arguments	0.141s
OK: host-tests groen, tamago-gate (arm64: virt/rpi4/rpi5/uefi kaal + gui-smaken + embed-mains incl. rk3566 + probeuefi + proberk3566 + rk3566-agent kaal én gui + apple probe/agent/embed; riscv64: cmd/hopos kaal én embedcfg/embedcagestub + slot-demo + slot-app + switchtest) gebouwd
