cwd: /private/tmp/hopos-nic-before
command: go test -mod=mod ./...
exit: 1
--- FAIL: TestReceiveBoundsAndRecycle (0.00s)
    --- FAIL: TestReceiveBoundsAndRecycle/1597 (0.00s)
        receive_bounds_test.go:35: Receive = 1597, <nil>; want 0
FAIL
FAIL	nic-before/dwmac	0.343s
--- FAIL: TestReceiveBoundsAndRecycle (0.00s)
    --- FAIL: TestReceiveBoundsAndRecycle/1533 (0.00s)
        receive_bounds_test.go:35: Receive = 1533, <nil>; want 0
FAIL
FAIL	nic-before/dwmac4	0.232s
--- FAIL: TestReceiveBoundsAndRecycle (0.00s)
    --- FAIL: TestReceiveBoundsAndRecycle/1537 (0.00s)
        receive_bounds_test.go:36: Receive = 1537, <nil>; want 0
--- FAIL: TestReceiveDropsPartialFrame (0.00s)
    receive_bounds_test.go:62: partial frame flags=0x0 delivered: 64, <nil>
    receive_bounds_test.go:62: partial frame flags=0x4000 delivered: 64, <nil>
    receive_bounds_test.go:62: partial frame flags=0x8000 delivered: 64, <nil>
FAIL
FAIL	nic-before/gem	0.938s
--- FAIL: TestReceiveBoundsAndRecycle (0.00s)
    --- FAIL: TestReceiveBoundsAndRecycle/2047 (0.00s)
        receive_bounds_test.go:36: Receive = 2047, <nil>; want 0
FAIL
FAIL	nic-before/genet	0.420s
--- FAIL: TestReceiveBoundsAndRecycle (0.00s)
    --- FAIL: TestReceiveBoundsAndRecycle/2049 (0.00s)
        receive_bounds_test.go:36: Receive = 2049, <nil>; want 0
FAIL
FAIL	nic-before/igb	0.529s
--- FAIL: TestReceiveBoundsPayloadAndRecycle (0.00s)
    --- FAIL: TestReceiveBoundsPayloadAndRecycle/oversize (0.00s)
        receive_bounds_test.go:40: Receive = 1533, <nil>; want 0
    --- FAIL: TestReceiveBoundsPayloadAndRecycle/invalid-index (0.00s)
        receive_bounds_test.go:40: Receive = 64, <nil>; want 0
FAIL
FAIL	nic-before/tg3	0.723s
--- FAIL: TestReceiveValidatesDeviceRecordBeforeCopy (0.00s)
    --- FAIL: TestReceiveValidatesDeviceRecordBeforeCopy/oversize (0.00s)
        receive_bounds_test.go:40: Receive = 2037, <nil>; want 0
    --- FAIL: TestReceiveValidatesDeviceRecordBeforeCopy/id-truncated-to-valid (0.00s)
        receive_bounds_test.go:40: Receive = 64, <nil>; want 0
--- FAIL: TestTransmitRejectsOversizeBeforeTouchingDMA (0.00s)
    receive_bounds_test.go:65: accepted 0 bytes
    receive_bounds_test.go:68: invalid frame published to DMA
    receive_bounds_test.go:65: accepted 2037 bytes
    receive_bounds_test.go:68: invalid frame published to DMA
FAIL
FAIL	nic-before/virtionet	1.263s
FAIL
